
> horse-gallery-frontend@0.1.0 test:login
> tsx test-login-flow.ts

🚀 شروع تست Flow Login و بررسی امنیتی...

📍 API Base URL: http://localhost:4001


🔒 تست‌های امنیتی پایه...
  تست Rate Limiting...
  تست Token Security...

👤 تست Flow کاربر جدید...
  Step 1: ارسال OTP...

⏳ تست Flow کاربر Pending...

⏰ تست انقضای OTP...

✅ تست Validation ورودی‌ها...

🔐 تست مدیریت Session...

⚠️ تست Error Handling...


================================================================================
📊 گزارش تست Flow Login و بررسی امنیتی
================================================================================

📦 Security Basics
--------------------------------------------------------------------------------
  ✅ SQL Injection Protection: سیستم در برابر SQL Injection محافظت شده است: '; DROP TABLE users; --
     📝 جزئیات: {
  "input": "'; DROP TABLE users; --",
  "status": 400
}
  ✅ SQL Injection Protection: سیستم در برابر SQL Injection محافظت شده است: ' OR '1'='1
     📝 جزئیات: {
  "input": "' OR '1'='1",
  "status": 400
}
  ✅ SQL Injection Protection: سیستم در برابر SQL Injection محافظت شده است: 09123456789' UNION SELECT * FROM users--
     📝 جزئیات: {
  "input": "09123456789' UNION SELECT * FROM users--",
  "status": 400
}
  ✅ XSS Protection: سیستم در برابر XSS محافظت شده است: <script>alert("XSS")</script>
     📝 جزئیات: {
  "input": "<script>alert(\"XSS\")</script>",
  "status": 400
}
  ✅ XSS Protection: سیستم در برابر XSS محافظت شده است: javascript:alert("XSS")
     📝 جزئیات: {
  "input": "javascript:alert(\"XSS\")",
  "status": 400
}
  ✅ XSS Protection: سیستم در برابر XSS محافظت شده است: <img src=x onerror=alert("XSS")>
     📝 جزئیات: {
  "input": "<img src=x onerror=alert(\"XSS\")>",
  "status": 400
}
  ✅ Rate Limiting: سیستم Rate Limiting دارد
     📝 جزئیات: {
  "rateLimited": true
}
  ❌ Token Validation: سیستم token های نامعتبر را رد نمی‌کند
     💡 پیشنهاد: Backend باید token validation قوی‌تری داشته باشد
     📝 جزئیات: {
  "status": 429,
  "data": {
    "statusCode": 429,
    "message": [
      "تعداد درخواست‌های شما بیش از حد مجاز است. لطفاً کمی صبر کنید"
    ],
    "timestamp": "2025-12-22T17:04:08.829Z",
    "path": "/auth/me",
    "method": "GET"
  }
}

📦 New User Flow
--------------------------------------------------------------------------------
  ❌ Send OTP: ارسال OTP ناموفق: تعداد درخواست‌های شما بیش از حد مجاز است. لطفاً کمی صبر کنید
     📝 جزئیات: {
  "status": 429,
  "data": {
    "statusCode": 429,
    "message": [
      "تعداد درخواست‌های شما بیش از حد مجاز است. لطفاً کمی صبر کنید"
    ],
    "timestamp": "2025-12-22T17:04:08.830Z",
    "path": "/auth/send-otp",
    "method": "POST"
  }
}

📦 OTP Expiration
--------------------------------------------------------------------------------
  ❌ Expired OTP Handling: سیستم OTP منقضی شده را رد نمی‌کند
     💡 پیشنهاد: Backend باید OTP منقضی شده را رد کند
     📝 جزئیات: {
  "status": 429,
  "data": {
    "statusCode": 429,
    "message": [
      "تعداد درخواست‌های شما بیش از حد مجاز است. لطفاً کمی صبر کنید"
    ],
    "timestamp": "2025-12-22T17:04:08.834Z",
    "path": "/auth/verify-otp",
    "method": "POST"
  }
}

📦 Input Validation
--------------------------------------------------------------------------------
  ❌ Phone Validation: شماره کوتاه: شماره نامعتبر رد نشد: شماره کوتاه
     💡 پیشنهاد: Backend باید validation قوی‌تری برای شماره موبایل داشته باشد
     📝 جزئیات: {
  "phone": "123",
  "status": 429
}
  ❌ Phone Validation: شماره بلند: شماره نامعتبر رد نشد: شماره بلند
     💡 پیشنهاد: Backend باید validation قوی‌تری برای شماره موبایل داشته باشد
     📝 جزئیات: {
  "phone": "091234567890123",
  "status": 429
}
  ❌ Phone Validation: شماره با حروف: شماره نامعتبر رد نشد: شماره با حروف
     💡 پیشنهاد: Backend باید validation قوی‌تری برای شماره موبایل داشته باشد
     📝 جزئیات: {
  "phone": "abc12345678",
  "status": 429
}
  ❌ Phone Validation: شماره خالی: شماره نامعتبر رد نشد: شماره خالی
     💡 پیشنهاد: Backend باید validation قوی‌تری برای شماره موبایل داشته باشد
     📝 جزئیات: {
  "phone": "",
  "status": 429
}
  ⚠️ OTP Validation: کد کوتاه: کد نامعتبر ممکن است رد نشود: کد کوتاه
     📝 جزئیات: {
  "otp": "123",
  "status": 429
}
  ⚠️ OTP Validation: کد بلند: کد نامعتبر ممکن است رد نشود: کد بلند
     📝 جزئیات: {
  "otp": "12345678",
  "status": 429
}
  ⚠️ OTP Validation: کد با حروف: کد نامعتبر ممکن است رد نشود: کد با حروف
     📝 جزئیات: {
  "otp": "abcdef",
  "status": 429
}
  ⚠️ OTP Validation: کد خالی: کد نامعتبر ممکن است رد نشود: کد خالی
     📝 جزئیات: {
  "otp": "",
  "status": 429
}

📦 Session Management
--------------------------------------------------------------------------------
  ⚠️ Token Structure: تست Token Structure نیاز به token معتبر دارد
     💡 پیشنهاد: برای تست کامل، باید token از flow واقعی گرفته شود

📦 Error Handling
--------------------------------------------------------------------------------
  ✅ Invalid Endpoint: سیستم endpoint نامعتبر را به درستی handle می‌کند
     📝 جزئیات: {
  "status": 404
}
  ❌ Missing Required Fields: سیستم فیلدهای اجباری را validate نمی‌کند
     💡 پیشنهاد: Backend باید validation برای فیلدهای اجباری داشته باشد
     📝 جزئیات: {
  "status": 429
}

================================================================================
📈 خلاصه نتایج:
================================================================================
  کل تست‌ها: 21
  ✅ موفق: 8
  ❌ ناموفق: 8
  ⚠️  هشدار: 5

================================================================================
🔒 مشکلات امنیتی شناسایی شده:
================================================================================

  ❌ Token Validation
     سیستم token های نامعتبر را رد نمی‌کند
     💡 Backend باید token validation قوی‌تری داشته باشد

  ❌ Expired OTP Handling
     سیستم OTP منقضی شده را رد نمی‌کند
     💡 Backend باید OTP منقضی شده را رد کند

  ❌ Phone Validation: شماره کوتاه
     شماره نامعتبر رد نشد: شماره کوتاه
     💡 Backend باید validation قوی‌تری برای شماره موبایل داشته باشد

  ❌ Phone Validation: شماره بلند
     شماره نامعتبر رد نشد: شماره بلند
     💡 Backend باید validation قوی‌تری برای شماره موبایل داشته باشد

  ❌ Phone Validation: شماره با حروف
     شماره نامعتبر رد نشد: شماره با حروف
     💡 Backend باید validation قوی‌تری برای شماره موبایل داشته باشد

  ❌ Phone Validation: شماره خالی
     شماره نامعتبر رد نشد: شماره خالی
     💡 Backend باید validation قوی‌تری برای شماره موبایل داشته باشد

  ❌ Missing Required Fields
     سیستم فیلدهای اجباری را validate نمی‌کند
     💡 Backend باید validation برای فیلدهای اجباری داشته باشد

================================================================================
✅ تست‌ها کامل شد!
================================================================================

